// Jest Snapshot v1, https://goo.gl/fbAQLP

exports[`コンポーネントを描画 47都道府県のチェックボックスが描画される 1`] = `
<DocumentFragment>
  <div>
    <div
      class="Accordion__AccordionWrapper-sc-nw0nsq-0 jOgKWk"
    >
      <div
        class="AccordionItem__Wrapper-sc-1mxksfm-0 AccordionItem"
      >
        <div
          class="AccordionItem__AccordionButton-sc-1mxksfm-1 jPmpSX"
        >
          <div>
            北海道・東北
          </div>
          <div
            class="AccordionItem__AccordionIcon-sc-1mxksfm-2 fUcRTs"
          />
        </div>
        <div
          class="AccordionItem__AccordionContentWrapper-sc-1mxksfm-3 gnHypy"
        >
          <div
            class="AccordionItem__AccordionContent-sc-1mxksfm-4 hnblsx"
          >
            <div
              class="SelectPrefectures__RegionWrapper-sc-qkgodw-0 faAJOD"
            >
              <label
                class="Checkbox__Label-sc-1y2c1io-0 kWCXfq"
              >
                <input
                  class="Checkbox__Input-sc-1y2c1io-1 dsaUmM"
                  type="checkbox"
                />
                <span>
                  北海道
                </span>
              </label>
              <label
                class="Checkbox__Label-sc-1y2c1io-0 kWCXfq"
              >
                <input
                  class="Checkbox__Input-sc-1y2c1io-1 dsaUmM"
                  type="checkbox"
                />
                <span>
                  青森県
                </span>
              </label>
              <label
                class="Checkbox__Label-sc-1y2c1io-0 kWCXfq"
              >
                <input
                  class="Checkbox__Input-sc-1y2c1io-1 dsaUmM"
                  type="checkbox"
                />
                <span>
                  岩手県
                </span>
              </label>
            </div>
          </div>
        </div>
      </div>
      <div
        class="AccordionItem__Wrapper-sc-1mxksfm-0 AccordionItem"
      >
        <div
          class="AccordionItem__AccordionButton-sc-1mxksfm-1 jPmpSX"
        >
          <div>
            関東
          </div>
          <div
            class="AccordionItem__AccordionIcon-sc-1mxksfm-2 fUcRTs isOpen"
          />
        </div>
        <div
          class="AccordionItem__AccordionContentWrapper-sc-1mxksfm-3 gnHypy"
          style="height: 0px;"
        >
          <div
            class="AccordionItem__AccordionContent-sc-1mxksfm-4 hnblsx"
          >
            <div
              class="SelectPrefectures__RegionWrapper-sc-qkgodw-0 faAJOD"
            />
          </div>
        </div>
      </div>
      <div
        class="AccordionItem__Wrapper-sc-1mxksfm-0 AccordionItem"
      >
        <div
          class="AccordionItem__AccordionButton-sc-1mxksfm-1 jPmpSX"
        >
          <div>
            北陸・信越
          </div>
          <div
            class="AccordionItem__AccordionIcon-sc-1mxksfm-2 fUcRTs"
          />
        </div>
        <div
          class="AccordionItem__AccordionContentWrapper-sc-1mxksfm-3 gnHypy"
        >
          <div
            class="AccordionItem__AccordionContent-sc-1mxksfm-4 hnblsx"
          >
            <div
              class="SelectPrefectures__RegionWrapper-sc-qkgodw-0 faAJOD"
            />
          </div>
        </div>
      </div>
      <div
        class="AccordionItem__Wrapper-sc-1mxksfm-0 AccordionItem"
      >
        <div
          class="AccordionItem__AccordionButton-sc-1mxksfm-1 jPmpSX"
        >
          <div>
            東海
          </div>
          <div
            class="AccordionItem__AccordionIcon-sc-1mxksfm-2 fUcRTs"
          />
        </div>
        <div
          class="AccordionItem__AccordionContentWrapper-sc-1mxksfm-3 gnHypy"
        >
          <div
            class="AccordionItem__AccordionContent-sc-1mxksfm-4 hnblsx"
          >
            <div
              class="SelectPrefectures__RegionWrapper-sc-qkgodw-0 faAJOD"
            />
          </div>
        </div>
      </div>
      <div
        class="AccordionItem__Wrapper-sc-1mxksfm-0 AccordionItem"
      >
        <div
          class="AccordionItem__AccordionButton-sc-1mxksfm-1 jPmpSX"
        >
          <div>
            近畿
          </div>
          <div
            class="AccordionItem__AccordionIcon-sc-1mxksfm-2 fUcRTs"
          />
        </div>
        <div
          class="AccordionItem__AccordionContentWrapper-sc-1mxksfm-3 gnHypy"
        >
          <div
            class="AccordionItem__AccordionContent-sc-1mxksfm-4 hnblsx"
          >
            <div
              class="SelectPrefectures__RegionWrapper-sc-qkgodw-0 faAJOD"
            />
          </div>
        </div>
      </div>
      <div
        class="AccordionItem__Wrapper-sc-1mxksfm-0 AccordionItem"
      >
        <div
          class="AccordionItem__AccordionButton-sc-1mxksfm-1 jPmpSX"
        >
          <div>
            中国・四国
          </div>
          <div
            class="AccordionItem__AccordionIcon-sc-1mxksfm-2 fUcRTs"
          />
        </div>
        <div
          class="AccordionItem__AccordionContentWrapper-sc-1mxksfm-3 gnHypy"
        >
          <div
            class="AccordionItem__AccordionContent-sc-1mxksfm-4 hnblsx"
          >
            <div
              class="SelectPrefectures__RegionWrapper-sc-qkgodw-0 faAJOD"
            />
          </div>
        </div>
      </div>
      <div
        class="AccordionItem__Wrapper-sc-1mxksfm-0 AccordionItem"
      >
        <div
          class="AccordionItem__AccordionButton-sc-1mxksfm-1 jPmpSX"
        >
          <div>
            九州・沖縄
          </div>
          <div
            class="AccordionItem__AccordionIcon-sc-1mxksfm-2 fUcRTs"
          />
        </div>
        <div
          class="AccordionItem__AccordionContentWrapper-sc-1mxksfm-3 gnHypy"
        >
          <div
            class="AccordionItem__AccordionContent-sc-1mxksfm-4 hnblsx"
          >
            <div
              class="SelectPrefectures__RegionWrapper-sc-qkgodw-0 faAJOD"
            />
          </div>
        </div>
      </div>
    </div>
  </div>
</DocumentFragment>
`;
